Reusing configuration cache.
> Task :createMinecraftArtifacts UP-TO-DATE

> Task :compileJava
./gradlew : C:\Users\dev\Desktop\mykaisen\src\main\java\com\my\kaisen\client\InputEvents.java:11: warning: [removal] 
bus() in EventBusSubscriber has been deprecated and marked for removal
At line:1 char:1
+ ./gradlew compileJava > compile_output.txt 2>&1
+ ~~~~~~~~~~~~~~~~~~~~~~~~~~~~~~~~~~~~~~~~~~~~~~~
    + CategoryInfo          : NotSpecified: (C:\Users\dev\De...ked for removal:String) [], RemoteException
    + FullyQualifiedErrorId : NativeCommandError
 
@EventBusSubscriber(modid = MyKaisen.MODID, value = Dist.CLIENT, bus = EventBusSubscriber.Bus.GAME)
                                                                 ^
C:\Users\dev\Desktop\mykaisen\src\main\java\com\my\kaisen\client\InputEvents.java:11: warning: [removal] Bus in 
EventBusSubscriber has been deprecated and marked for removal
@EventBusSubscriber(modid = MyKaisen.MODID, value = Dist.CLIENT, bus = EventBusSubscriber.Bus.GAME)
                                                                                         ^
C:\Users\dev\Desktop\mykaisen\src\main\java\com\my\kaisen\client\KeyBindings.java:12: warning: [removal] bus() in 
EventBusSubscriber has been deprecated and marked for removal
@EventBusSubscriber(modid = MyKaisen.MODID, value = Dist.CLIENT, bus = EventBusSubscriber.Bus.MOD)
                                                                 ^
C:\Users\dev\Desktop\mykaisen\src\main\java\com\my\kaisen\client\KeyBindings.java:12: warning: [removal] Bus in 
EventBusSubscriber has been deprecated and marked for removal
@EventBusSubscriber(modid = MyKaisen.MODID, value = Dist.CLIENT, bus = EventBusSubscriber.Bus.MOD)
                                                                                         ^
C:\Users\dev\Desktop\mykaisen\src\main\java\com\my\kaisen\network\AbilityServerHandler.java:26: error: cannot find 
symbol
                    CombatTickHandler.executeManjiKick(player);
                                     ^
  symbol:   method executeManjiKick(ServerPlayer)
  location: class CombatTickHandler
C:\Users\dev\Desktop\mykaisen\src\main\java\com\my\kaisen\network\NetworkHandler.java:9: warning: [removal] bus() in 
EventBusSubscriber has been deprecated and marked for removal
@EventBusSubscriber(modid = MyKaisen.MODID, bus = EventBusSubscriber.Bus.MOD)
                                            ^
C:\Users\dev\Desktop\mykaisen\src\main\java\com\my\kaisen\network\NetworkHandler.java:9: warning: [removal] Bus in 
EventBusSubscriber has been deprecated and marked for removal
@EventBusSubscriber(modid = MyKaisen.MODID, bus = EventBusSubscriber.Bus.MOD)
                                                                    ^
1 error
6 warnings

> Task :compileJava FAILED

[Incubating] Problems report is available at: file:///C:/Users/dev/Desktop/mykaisen/build/reports/problems/problems-report.html

FAILURE: Build failed with an exception.

* What went wrong:
Execution failed for task ':compileJava'.
> Compilation failed; see the compiler output below.
  C:\Users\dev\Desktop\mykaisen\src\main\java\com\my\kaisen\client\InputEvents.java:11: warning: [removal] bus() in 
EventBusSubscriber has been deprecated and marked for removal
  @EventBusSubscriber(modid = MyKaisen.MODID, value = Dist.CLIENT, bus = EventBusSubscriber.Bus.GAME)
                                                                   ^
  1 error
  6 warnings

* Try:
> Run with --scan to generate a Build Scan (powered by Develocity).

BUILD FAILED in 8s
2 actionable tasks: 1 executed, 1 up-to-date
Configuration cache entry reused.
